__x__
10
__y__
10
__x__
9
__y__
4
__x__
8
__y__
4
__x__
7
__y__
4
__x__
6
__y__
4
__x__
5
__y__
4
__x__
4
__y__
4
__x__
3
__y__
4
__x__
2
__y__
4
__x__
1
__y__
4
