bool var0
bool var1
bool var2
bool var3
bool var4
bool var5
bool var6
bool var7
bool var8
bool var9
bool var10
bool var11
bool var12
bool var13
bool var14
bool var15
bool var16
bool var17
bool var18
bool var19
bool var20
bool var21
bool var22
bool var23
bool var24
bool var25
bool var26
bool var27
bool var28
bool var29
bool var30
bool var31
bool var32
bool var33
bool var34
bool var35
bool var36
bool var37
bool var38
bool var39
bool var40
bool var41
bool var42
bool var43
bool var44
bool var45
bool var46
bool var47
bool var48
bool var49
bool var50
bool var51
bool var52
bool var53
bool var54
bool var55
bool var56
bool var57
bool var58
bool var59
bool var60
bool var61
bool var62
bool var63
bool var64
bool var65
bool var66
bool var67
bool var68
bool var69
bool var70
bool var71
bool var72
bool var73
bool var74
bool var75
bool var76
bool var77
bool var78
bool var79
bool var80
bool var81
bool var82
bool var83
bool var84
bool var85
bool var86
bool var87
bool var88
bool var89
bool var90
bool var91
bool var92
bool var93
bool var94
bool var95
bool var96
bool var97
bool var98
bool var99
